<html>
<body>
<pre>
<h1>礦ision Build Log</h1>
<h2>Project:</h2>
C:\Users\Administrator\OneDrive\文档\GitHub\DESN2000\Empty_Skeleton\empty_skeleton.uvproj
Project File Date:  07/18/2026

<h2>Output:</h2>
Build target 'Target 1'
compiling main.c...
sources\main.c(27): warning:  #111-D: statement is unreachable
compiling SystemInit.c...
compiling font5x7.c...
compiling lcd_grph.c...
compiling lcd_hw.c...
compiling lcd_ili9341.c...
linking...
Program Size: Code=412 RO-data=320 RW-data=0 ZI-data=1632  
"empty_skeleton.axf" - 0 Error(s), 1 Warning(s).
Load "C:\\Users\\Administrator\\OneDrive\\文档\\GitHub\\DESN2000\\Empty_Skeleton\\empty_skeleton.AXF" 
Erase Done.
Programming Done.
Verify OK.
Load "C:\\Users\\Administrator\\OneDrive\\文档\\GitHub\\DESN2000\\Empty_Skeleton\\empty_skeleton.AXF" 
Erase Done.
Programming Done.
Verify OK.
Build target 'Target 1'
compiling main.c...
sources\main.c(27): warning:  #111-D: statement is unreachable
compiling SystemInit.c...
assembling startup_stm32f10x_hd.s...
compiling font5x7.c...
compiling lcd_grph.c...
compiling lcd_hw.c...
compiling lcd_ili9341.c...
linking...
Program Size: Code=412 RO-data=320 RW-data=0 ZI-data=1632  
".\Objects\empty_skeleton.axf" - 0 Error(s), 1 Warning(s).
Load "C:\\Users\\Administrator\\OneDrive\\文档\\GitHub\\DESN2000\\Empty_Skeleton\\Objects\\empty_skeleton.AXF" 
Erase Done.
Programming Done.
Verify OK.
