<html>
<body>
<pre>
<h1>礦ision Build Log</h1>
<h2>Project:</h2>
C:\Users\Administrator\OneDrive\文档\GitHub\DESN2000\Empty_Skeleton\empty_skeleton.uvproj
Project File Date:  07/18/2026

<h2>Output:</h2>
Build target 'Target 1'
compiling main.c...
sources\main.c(27): warning:  #111-D: statement is unreachable
compiling SystemInit.c...
compiling font5x7.c...
compiling lcd_grph.c...
compiling lcd_hw.c...
compiling lcd_ili9341.c...
linking...
Program Size: Code=412 RO-data=320 RW-data=0 ZI-data=1632  
"empty_skeleton.axf" - 0 Error(s), 1 Warning(s).
Load "C:\\Users\\Administrator\\OneDrive\\文档\\GitHub\\DESN2000\\Empty_Skeleton\\empty_skeleton.AXF" 
Erase Done.
Programming Done.
Verify OK.
Load "C:\\Users\\Administrator\\OneDrive\\文档\\GitHub\\DESN2000\\Empty_Skeleton\\empty_skeleton.AXF" 
Erase Done.
Programming Done.
Verify OK.
Build target 'Target 1'
compiling main.c...
sources\main.c(27): warning:  #111-D: statement is unreachable
compiling SystemInit.c...
assembling startup_stm32f10x_hd.s...
compiling font5x7.c...
compiling lcd_grph.c...
compiling lcd_hw.c...
compiling lcd_ili9341.c...
linking...
Program Size: Code=412 RO-data=320 RW-data=0 ZI-data=1632  
".\Objects\empty_skeleton.axf" - 0 Error(s), 1 Warning(s).
Load "C:\\Users\\Administrator\\OneDrive\\文档\\GitHub\\DESN2000\\Empty_Skeleton\\Objects\\empty_skeleton.AXF" 
Erase Done.
Programming Done.
Verify OK.
Build target 'Target 1'
compiling main.c...
sources\main.c(21): warning:  #223-D: function "i2c1_init" declared implicitly
sources\main.c(22): warning:  #223-D: function "adc1_r1302_init" declared implicitly
sources\main.c(23): warning:  #223-D: function "dac1_speaker_init" declared implicitly
sources\main.c(29): warning:  #223-D: function "i2c1_write_register" declared implicitly
sources\main.c(29): error:  #20: identifier "EXPANDER_OUTPUT_REG" is undefined
sources\main.c(36): error:  #20: identifier "EXPANDER_CONFIG_REG" is undefined
sources\main.c(39): warning:  #223-D: function "tim2_tone_init" declared implicitly
sources\main.c(56): warning:  #223-D: function "i2c1_read_register" declared implicitly
sources\main.c(56): error:  #20: identifier "EXPANDER_INPUT_REG" is undefined
sources\main.c(71): warning:  #223-D: function "adc1_read_r1302" declared implicitly
sources\main.c(84): error:  #20: identifier "g_dac_amplitude" is undefined
sources\main.c(87): warning:  #223-D: function "short_delay" declared implicitly
Target not created
Build target 'Target 1'
compiling main.c...
sources\main.c(21): warning:  #223-D: function "i2c1_init" declared implicitly
sources\main.c(22): warning:  #223-D: function "adc1_r1302_init" declared implicitly
sources\main.c(23): warning:  #223-D: function "dac1_speaker_init" declared implicitly
sources\main.c(29): warning:  #223-D: function "i2c1_write_register" declared implicitly
sources\main.c(29): error:  #20: identifier "EXPANDER_OUTPUT_REG" is undefined
sources\main.c(36): error:  #20: identifier "EXPANDER_CONFIG_REG" is undefined
sources\main.c(39): warning:  #223-D: function "tim2_tone_init" declared implicitly
sources\main.c(56): warning:  #223-D: function "i2c1_read_register" declared implicitly
sources\main.c(56): error:  #20: identifier "EXPANDER_INPUT_REG" is undefined
sources\main.c(71): warning:  #223-D: function "adc1_read_r1302" declared implicitly
sources\main.c(84): error:  #20: identifier "g_dac_amplitude" is undefined
sources\main.c(87): warning:  #223-D: function "short_delay" declared implicitly
Target not created
Build target 'Target 1'
compiling main.c...
linking...
Program Size: Code=1380 RO-data=336 RW-data=4 ZI-data=1636  
".\Objects\empty_skeleton.axf" - 0 Error(s), 0 Warning(s).
Load "C:\\Users\\Administrator\\OneDrive\\文档\\GitHub\\DESN2000\\Empty_Skeleton\\Objects\\empty_skeleton.AXF" 
Erase Done.
Programming Done.
Verify OK.
Load "C:\\Users\\Administrator\\OneDrive\\文档\\GitHub\\DESN2000\\Empty_Skeleton\\Objects\\empty_skeleton.AXF" 
Erase Done.
Programming Done.
Verify OK.
